{"inner":{"name":"innerIdent","someText":"hahaha","class":"IdentifierExpr"},"ident":{"name":"helloWorld"}}