{"inputs":{"class":"FunctionArgumentTuple"},"outputs":{"class":"FunctionArgumentTuple"},"body":{"stmts":[{"class":"ExprStmt"}],"class":"FunctionBody"}}